// Jest Snapshot v1, https://goo.gl/fbAQLP

exports[`App component renders App 1`] = `
<Switch>
  <Route
    component={[Function]}
    exact={true}
    path="/"
  />
  <Route
    component={[Function]}
    path="/teachers"
  />
  <Route
    component={[Function]}
    path="/teacher-sessions"
  />
  <Route
    component={[Function]}
    path="/session/:id"
  />
  <Route
    component={[Function]}
    path="/submit-to-global"
  />
  <Route
    path="/session-graph/:id"
    render={[Function]}
  />
</Switch>
`;
