// Jest Snapshot v1, https://goo.gl/fbAQLP

exports[`ButtonNav Component should render a ButtonNav 1`] = `
<Fragment>
  <Link
    to="/teachers"
  >
    <button>
      For Groups
    </button>
  </Link>
  <Link
    to="/pifaqs"
  >
    <button>
      Pi FAQS
    </button>
  </Link>
  <Link
    to="/montecarlo"
  >
    <button>
      Monte Carlo
    </button>
  </Link>
  <Link
    to="/map"
  >
    <button>
      Data Map
    </button>
  </Link>
  <Link
    to="/submit-to-global"
  >
    <button>
      Submit to Global Data
    </button>
  </Link>
</Fragment>
`;
