// Jest Snapshot v1, https://goo.gl/fbAQLP

exports[`DataEntryForm component renders the DataEntryForm 1`] = `
<div
  className="DataEntryForm"
>
  <h1>
    Plot-a-π
  </h1>
  <form
    onSubmit={[Function]}
  >
    <div>
      <h3>
        Circumference:
      </h3>
      <input
        onChange={[Function]}
        required={true}
        type="text"
        value=""
      />
      <select
        id="circumferenceUnits"
        onChange={[Function]}
        required={true}
        value=""
      >
        <option
          value=""
        />
        <option
          value="cm"
        >
          cm
        </option>
        <option
          value="in"
        >
          in
        </option>
        <option
          value="m"
        >
          m
        </option>
        <option
          value="ft"
        >
          ft
        </option>
      </select>
    </div>
    <div>
      <h3>
        Diameter:
      </h3>
      <input
        onChange={[Function]}
        required={true}
        type="text"
        value=""
      />
      <select
        id="diameterUnits"
        onChange={[Function]}
        required={true}
        value=""
      >
        <option
          value=""
        />
        <option
          value="cm"
        >
          cm
        </option>
        <option
          value="in"
        >
          in
        </option>
        <option
          value="m"
        >
          m
        </option>
        <option
          value="ft"
        >
          ft
        </option>
      </select>
    </div>
    <button>
      Plot!
    </button>
  </form>
</div>
`;
