// Jest Snapshot v1, https://goo.gl/fbAQLP

exports[`UnitSelection component renders the UnitSelection component 1`] = `
<Provider
  store={
    Object {
      "dispatch": [Function],
      "getState": [Function],
      "replaceReducer": [Function],
      "subscribe": [Function],
      Symbol(observable): [Function],
    }
  }
>
  <UnitSelection>
    <div
      className="UnitSelection"
    >
      <input
        checked={true}
        id="cm"
        name="unit"
        onClick={[Function]}
        type="radio"
        value="cm"
      />
      <label
        htmlFor="cm"
      >
        cm
      </label>
      <input
        checked={false}
        name="unit"
        onClick={[Function]}
        type="radio"
        value="in"
      />
      <label
        htmlFor="in"
      >
        in
      </label>
    </div>
  </UnitSelection>
</Provider>
`;
