// Jest Snapshot v1, https://goo.gl/fbAQLP

exports[`ButtonNav should render ButtonNav 1`] = `
<Fragment>
  <div
    className="nav"
  >
    <Component
      to="/"
    >
      <button>
        Home Page
      </button>
    </Component>
    <Component
      to="/teachers"
    >
      <button>
        For Groups
      </button>
    </Component>
    <Component
      to="/montecarlo"
    >
      <button>
        Monte Carlo
      </button>
    </Component>
    <Component
      to="/submit-to-global"
    >
      <button>
        Plot A Pi
      </button>
    </Component>
  </div>
</Fragment>
`;
