// Jest Snapshot v1, https://goo.gl/fbAQLP

exports[`ButtonNav should render ButtonNav 1`] = `
<Fragment>
  <div
    className="nav"
  >
    <Component
      activeClassName="active"
      className="link"
      exact={true}
      to="/"
    >
      Home
    </Component>
    <Component
      activeClassName="active"
      className="link"
      to="/teachers"
    >
      Groups
    </Component>
    <Component
      activeClassName="active"
      className="link"
      to="/montecarlo"
    >
      Monte Carlo
    </Component>
    <Component
      activeClassName="active"
      className="link"
      to="/submit-to-global"
    >
      Plot Pi!
    </Component>
  </div>
</Fragment>
`;
