// Jest Snapshot v1, https://goo.gl/fbAQLP

exports[`ButtonNav should render ButtonNav 1`] = `
<Fragment>
  <div
    className="nav"
  >
    <Component
      activeClassName="active"
      className="link"
      exact={true}
      to="/"
    >
      Home
    </Component>
    <Component
      activeClassName="active"
      className="link"
      to="/teachers"
    >
      Groups
    </Component>
    <Component
      activeClassName="active"
      className="link"
      to="/montecarlo"
    >
      Monte Carlo
    </Component>
    <Component
      activeClassName="active"
      className="link"
      to="/submit-to-global"
    >
      Plot Pi!
    </Component>
  </div>
  <Modal
    modalInstructions={
      <div
        className="modal"
      >
        <h3>
          What is Plot a Pi?
        </h3>
        <br />
        <p>
          Plot a Pi is the first database of global pi approximations.  Our database contains pi approximations people of all ages from around the world.  To contribute, measure the circumference and diamter of a circular object and click Plot Pi to submit your point.
        </p>
        <br />
        <p>
          How does the approximation change as more data is added?
        </p>
      </div>
    }
    modalTitle="Diameter"
    showModal={false}
    toggleModal={[Function]}
  />
</Fragment>
`;
