// Jest Snapshot v1, https://goo.gl/fbAQLP

exports[`Header Component should render a Header 1`] = `
<header>
  <div
    className="Header"
  >
    <div
      className="logo"
    >
      <img
        alt="Pi logo"
        src="/src/assets/192566_256x256.png"
        width="70px"
      />
    </div>
    <div
      className="title"
    >
      <h2>
        Plot a Pi
      </h2>
      <p>
        It's easy as Pi!
      </p>
    </div>
  </div>
  <div
    className="buttons"
  >
    <ButtonNav />
  </div>
</header>
`;
