// Jest Snapshot v1, https://goo.gl/fbAQLP

exports[`Nav component matches a snapshot 1`] = `
<div
  className="Big"
>
  <span
    onClick={[Function]}
    style={
      Object {
        "color": "rgba(221, 157, 231, 1)",
      }
    }
  >
    |
  </span>
  <span
    onClick={[Function]}
    style={
      Object {
        "color": "rgba(221, 157, 231, 1)",
      }
    }
  >
    |
  </span>
  <span
    onClick={[Function]}
    style={
      Object {
        "color": "rgba(221, 157, 231, 1)",
      }
    }
  >
    |
  </span>
</div>
`;
