// Jest Snapshot v1, https://goo.gl/fbAQLP

exports[`CvsDScatterplot component renders CvsDScatterplot 1`] = `
<ContextProvider
  value={
    Object {
      "store": Object {
        "dispatch": [Function],
        "getState": [Function],
        "replaceReducer": [Function],
        "subscribe": [Function],
        Symbol(observable): [Function],
      },
      "subscription": Subscription {
        "handleChangeWrapper": [Function],
        "listeners": Object {
          "notify": [Function],
        },
        "onStateChange": [Function],
        "parentSub": undefined,
        "store": Object {
          "dispatch": [Function],
          "getState": [Function],
          "replaceReducer": [Function],
          "subscribe": [Function],
          Symbol(observable): [Function],
        },
        "unsubscribe": null,
      },
    }
  }
>
  <CvsDScatterplot
    data={
      Array [
        Object {
          "circumferene": 3.14,
          "diameter": 1,
        },
      ]
    }
    line={true}
    stats={Object {}}
    title="test title"
    xLabel="test x-label"
    yLabel="test y-label"
  />
</ContextProvider>
`;
