// Jest Snapshot v1, https://goo.gl/fbAQLP

exports[`PivsCountScatterplot component renders PivsCountScatterplot 1`] = `
<div
  className="container"
>
  <svg
    className="svg"
  >
    <text
      className="title"
      fill="whitesmoke"
    >
      test title
    </text>
    <g
      className="x-axis"
    />
    <text
      className="x-label"
      fill="whitesmoke"
    >
      test x-label
    </text>
    <g
      className="y-axis"
    />
    <text
      className="y-label"
      fill="whitesmoke"
    >
      test y-label
    </text>
    <line
      className="line"
    />
  </svg>
  <CSVButton
    data={
      Array [
        Array [
          1,
          2,
        ],
      ]
    }
    header1="test x-label"
    header2="test y-label"
  />
</div>
`;
