// Jest Snapshot v1, https://goo.gl/fbAQLP

exports[`Scatterplot component renders Scatterplot 1`] = `
<div
  className="container"
>
  <svg
    className="svg"
  >
    <text
      className="title"
      fill="whitesmoke"
    />
    <g
      className="x-axis"
    />
    <text
      className="x-label"
      fill="whitesmoke"
    />
    <g
      className="y-axis"
    />
    <text
      className="y-label"
      fill="whitesmoke"
    />
  </svg>
</div>
`;
