// Jest Snapshot v1, https://goo.gl/fbAQLP

exports[`Scatterplot component renders Scatterplot 1`] = `
<div
  className="container"
>
  <svg
    className="svg"
  >
    <g
      className="title"
    />
    <g
      className="x-label"
    />
    <g
      className="x-axis"
    />
    <g
      className="y-label"
    />
    <g
      className="y-axis"
    />
    <g
      className="data"
    />
  </svg>
</div>
`;
