// Jest Snapshot v1, https://goo.gl/fbAQLP

exports[`CvsDScatterplot component renders CvsDScatterplot 1`] = `
<div
  className="container"
>
  <svg
    className="svg"
  >
    <text
      className="title"
      fill="#212E59"
    >
      test title
    </text>
    <g
      className="x-axis"
    />
    <text
      className="x-label"
      fill="#212E59"
    >
      test x-label
    </text>
    <g
      className="y-axis"
    />
    <text
      className="y-label"
      fill="#212E59"
    >
      test y-label
    </text>
    <line
      className="line"
    />
  </svg>
  <div
    className="csvButton"
  >
    <CSVButton
      data={
        Array [
          Array [
            undefined,
            undefined,
          ],
        ]
      }
      header1="Diameter (in)"
      header2="Circumference (in)"
    />
  </div>
</div>
`;

exports[`SessionCvsDGraph component renders SessionCvsDGraph 1`] = `""`;
